// Jest Snapshot v1, https://goo.gl/fbAQLP

exports[`Header Component Header component matches snapshot 1`] = `
<DocumentFragment>
  <div
    data-testid="header"
  >
    <div
      class="hidden flex-col border-b-2 lg:flex"
    >
      <div
        class="flex-1 p-2 px-5 "
      >
        <div
          class="flex items-center justify-between"
        >
          <div
            class="text-2xl font-bold"
          >
            <nav
              aria-label="Main"
              class="relative z-10 flex max-w-max flex-1 items-center justify-center"
              data-orientation="horizontal"
              dir="ltr"
            >
              <div
                style="position: relative;"
              >
                <ul
                  class="group flex flex-1 list-none items-center justify-center space-x-1"
                  data-orientation="horizontal"
                  dir="ltr"
                >
                  <li>
                    <span
                      class="cursor-pointer"
                    >
                      <a
                        class="group inline-flex h-10 w-max items-center justify-center rounded-md bg-background px-4 py-2 text-sm font-medium transition-colors hover:bg-accent hover:text-accent-foreground focus:bg-accent focus:text-accent-foreground focus:outline-none disabled:pointer-events-none disabled:opacity-50 data-[active]:bg-accent/50 data-[state=open]:bg-accent/50"
                        data-radix-collection-item=""
                      >
                        Logo and Name
                      </a>
                    </span>
                  </li>
                  <li>
                    <button
                      aria-controls="radix-:ra:-content-radix-:rc:"
                      aria-expanded="false"
                      class="group inline-flex h-10 w-max items-center justify-center rounded-md bg-background px-4 py-2 text-sm font-medium transition-colors hover:bg-accent hover:text-accent-foreground focus:bg-accent focus:text-accent-foreground focus:outline-none disabled:pointer-events-none disabled:opacity-50 data-[active]:bg-accent/50 data-[state=open]:bg-accent/50 group"
                      data-radix-collection-item=""
                      data-state="closed"
                      id="radix-:ra:-trigger-radix-:rc:"
                    >
                      Workspaces 
                      <svg
                        aria-hidden="true"
                        class="relative top-[1px] ml-1 h-3 w-3 transition duration-200 group-data-[state=open]:rotate-180"
                        fill="none"
                        height="24"
                        stroke="currentColor"
                        stroke-linecap="round"
                        stroke-linejoin="round"
                        stroke-width="2"
                        viewBox="0 0 24 24"
                        width="24"
                        xmlns="http://www.w3.org/2000/svg"
                      >
                        <polyline
                          points="6 9 12 15 18 9"
                        />
                      </svg>
                    </button>
                  </li>
                  <li>
                    <button
                      aria-controls="radix-:ra:-content-radix-:rd:"
                      aria-expanded="false"
                      class="group inline-flex h-10 w-max items-center justify-center rounded-md bg-background px-4 py-2 text-sm font-medium transition-colors hover:bg-accent hover:text-accent-foreground focus:bg-accent focus:text-accent-foreground focus:outline-none disabled:pointer-events-none disabled:opacity-50 data-[active]:bg-accent/50 data-[state=open]:bg-accent/50 group"
                      data-radix-collection-item=""
                      data-state="closed"
                      id="radix-:ra:-trigger-radix-:rd:"
                    >
                      Recent 
                      <svg
                        aria-hidden="true"
                        class="relative top-[1px] ml-1 h-3 w-3 transition duration-200 group-data-[state=open]:rotate-180"
                        fill="none"
                        height="24"
                        stroke="currentColor"
                        stroke-linecap="round"
                        stroke-linejoin="round"
                        stroke-width="2"
                        viewBox="0 0 24 24"
                        width="24"
                        xmlns="http://www.w3.org/2000/svg"
                      >
                        <polyline
                          points="6 9 12 15 18 9"
                        />
                      </svg>
                    </button>
                  </li>
                  <li>
                    <button
                      aria-controls="radix-:ra:-content-radix-:re:"
                      aria-expanded="false"
                      class="group inline-flex h-10 w-max items-center justify-center rounded-md bg-background px-4 py-2 text-sm font-medium transition-colors hover:bg-accent hover:text-accent-foreground focus:bg-accent focus:text-accent-foreground focus:outline-none disabled:pointer-events-none disabled:opacity-50 data-[active]:bg-accent/50 data-[state=open]:bg-accent/50 group"
                      data-radix-collection-item=""
                      data-state="closed"
                      id="radix-:ra:-trigger-radix-:re:"
                    >
                      Templates 
                      <svg
                        aria-hidden="true"
                        class="relative top-[1px] ml-1 h-3 w-3 transition duration-200 group-data-[state=open]:rotate-180"
                        fill="none"
                        height="24"
                        stroke="currentColor"
                        stroke-linecap="round"
                        stroke-linejoin="round"
                        stroke-width="2"
                        viewBox="0 0 24 24"
                        width="24"
                        xmlns="http://www.w3.org/2000/svg"
                      >
                        <polyline
                          points="6 9 12 15 18 9"
                        />
                      </svg>
                    </button>
                  </li>
                  <button
                    aria-controls="radix-:rf:"
                    aria-expanded="false"
                    aria-haspopup="dialog"
                    class="inline-flex items-center justify-center rounded-md text-sm font-medium ring-offset-background transition-colors focus-visible:outline-none focus-visible:ring-2 focus-visible:ring-ring focus-visible:ring-offset-2 disabled:pointer-events-none disabled:opacity-50 bg-primary text-primary-foreground hover:bg-primary/90 h-10 px-4 py-2 !bg-blue-500"
                    data-state="closed"
                    data-testid="clicking"
                    type="button"
                  >
                    Create
                  </button>
                </ul>
              </div>
              <div
                class="absolute left-0 top-full flex justify-center"
              />
            </nav>
          </div>
          <div
            class="flex items-center space-x-2"
          >
            <input
              class="flex h-10 w-full rounded-md border border-input bg-background px-3 py-2 text-sm ring-offset-background file:border-0 file:bg-transparent file:text-sm file:font-medium placeholder:text-muted-foreground focus-visible:outline-none focus-visible:ring-2 focus-visible:ring-ring focus-visible:ring-offset-2 disabled:cursor-not-allowed disabled:opacity-50"
              placeholder="Search"
              type="text"
            />
            <button
              aria-expanded="false"
              aria-haspopup="menu"
              class="inline-flex items-center justify-center text-sm font-medium ring-offset-background transition-colors focus-visible:outline-none focus-visible:ring-2 focus-visible:ring-ring focus-visible:ring-offset-2 disabled:pointer-events-none disabled:opacity-50 border border-input hover:bg-accent hover:text-accent-foreground h-9 rounded-md px-3"
              data-state="closed"
              id="radix-:ri:"
              type="button"
            >
              <svg
                class="h-[1.2rem] w-[1.2rem] rotate-0 scale-100 transition-all dark:-rotate-90 dark:scale-0"
                fill="none"
                height="24"
                stroke="currentColor"
                stroke-linecap="round"
                stroke-linejoin="round"
                stroke-width="2"
                viewBox="0 0 24 24"
                width="24"
                xmlns="http://www.w3.org/2000/svg"
              >
                <circle
                  cx="12"
                  cy="12"
                  r="4"
                />
                <path
                  d="M12 2v2"
                />
                <path
                  d="M12 20v2"
                />
                <path
                  d="m4.93 4.93 1.41 1.41"
                />
                <path
                  d="m17.66 17.66 1.41 1.41"
                />
                <path
                  d="M2 12h2"
                />
                <path
                  d="M20 12h2"
                />
                <path
                  d="m6.34 17.66-1.41 1.41"
                />
                <path
                  d="m19.07 4.93-1.41 1.41"
                />
              </svg>
              <svg
                class="absolute h-[1.2rem] w-[1.2rem] rotate-90 scale-0 transition-all dark:rotate-0 dark:scale-100"
                fill="none"
                height="24"
                stroke="currentColor"
                stroke-linecap="round"
                stroke-linejoin="round"
                stroke-width="2"
                viewBox="0 0 24 24"
                width="24"
                xmlns="http://www.w3.org/2000/svg"
              >
                <path
                  d="M12 3a6 6 0 0 0 9 9 9 9 0 1 1-9-9Z"
                />
              </svg>
              <span
                class="sr-only"
              >
                Toggle theme
              </span>
            </button>
            <svg
              class="h-9 w-9"
              fill="none"
              height="24"
              stroke="currentColor"
              stroke-linecap="round"
              stroke-linejoin="round"
              stroke-width="2"
              viewBox="0 0 24 24"
              width="24"
              xmlns="http://www.w3.org/2000/svg"
            >
              <path
                d="M19.4 14.9C20.2 16.4 21 17 21 17H3s3-2 3-9c0-3.3 2.7-6 6-6 .7 0 1.3.1 1.9.3"
              />
              <path
                d="M10.3 21a1.94 1.94 0 0 0 3.4 0"
              />
              <circle
                cx="18"
                cy="8"
                r="3"
              />
            </svg>
            <svg
              class="h-9 w-9"
              fill="none"
              height="24"
              stroke="currentColor"
              stroke-linecap="round"
              stroke-linejoin="round"
              stroke-width="2"
              viewBox="0 0 24 24"
              width="24"
              xmlns="http://www.w3.org/2000/svg"
            >
              <circle
                cx="12"
                cy="12"
                r="10"
              />
              <path
                d="M9.09 9a3 3 0 0 1 5.83 1c0 2-3 3-3 3"
              />
              <path
                d="M12 17h.01"
              />
            </svg>
            <svg
              class="h-9 w-9"
              data-testid="user-icon"
              fill="none"
              height="24"
              stroke="currentColor"
              stroke-linecap="round"
              stroke-linejoin="round"
              stroke-width="2"
              viewBox="0 0 24 24"
              width="24"
              xmlns="http://www.w3.org/2000/svg"
            >
              <circle
                cx="12"
                cy="8"
                r="5"
              />
              <path
                d="M20 21a8 8 0 1 0-16 0"
              />
            </svg>
          </div>
        </div>
      </div>
    </div>
  </div>
</DocumentFragment>
`;
